mysql> source create_databases.sql
+-----------------------+
| Dropping databases... |
+-----------------------+
| Dropping databases... |
+-----------------------+
1 row in set (0.00 sec)

Query OK, 10 rows affected (0.10 sec)

Query OK, 0 rows affected (0.01 sec)

Query OK, 1 row affected (0.01 sec)

Query OK, 1 row affected (0.00 sec)

Database changed
Query OK, 0 rows affected (0.03 sec)

Query OK, 0 rows affected (0.04 sec)

Query OK, 0 rows affected (0.04 sec)

Query OK, 0 rows affected (0.04 sec)

Query OK, 0 rows affected (0.08 sec)

Query OK, 0 rows affected (0.07 sec)

Query OK, 0 rows affected (0.04 sec)

Query OK, 0 rows affected (0.03 sec)

Query OK, 0 rows affected (0.03 sec)

Query OK, 0 rows affected (0.03 sec)

Query OK, 0 rows affected (0.02 sec)
Records: 0  Duplicates: 0  Warnings: 0

Query OK, 0 rows affected (0.02 sec)
Records: 0  Duplicates: 0  Warnings: 0

Query OK, 0 rows affected (0.01 sec)

+-------------------+
| Creating users... |
+-------------------+
| Creating users... |
+-------------------+
1 row in set (0.00 sec)

Query OK, 0 rows affected (0.01 sec)

+---------------------+
| Creatings Sprocs... |
+---------------------+
| Creatings Sprocs... |
+---------------------+
1 row in set (0.00 sec)

Query OK, 0 rows affected (0.01 sec)

+-------------------------+
| Granting permissions... |
+-------------------------+
| Granting permissions... |
+-------------------------+
1 row in set (0.00 sec)

Query OK, 0 rows affected (0.00 sec)

+----------------------+
| Dropping database... |
+----------------------+
| Dropping database... |
+----------------------+
1 row in set (0.00 sec)

Query OK, 22 rows affected (0.18 sec)

Query OK, 1 row affected (0.01 sec)

Database changed
Query OK, 0 rows affected, 1 warning (0.00 sec)

Query OK, 0 rows affected, 1 warning (0.00 sec)

Query OK, 0 rows affected, 1 warning (0.00 sec)

Query OK, 0 rows affected, 1 warning (0.00 sec)

Query OK, 0 rows affected, 1 warning (0.00 sec)

Query OK, 0 rows affected, 1 warning (0.00 sec)

Query OK, 0 rows affected, 1 warning (0.00 sec)

Query OK, 0 rows affected, 1 warning (0.00 sec)

Query OK, 0 rows affected, 1 warning (0.00 sec)

Query OK, 0 rows affected, 1 warning (0.00 sec)

Query OK, 0 rows affected, 1 warning (0.00 sec)

Query OK, 0 rows affected, 1 warning (0.00 sec)

Query OK, 0 rows affected, 1 warning (0.00 sec)

Query OK, 0 rows affected, 1 warning (0.00 sec)

Query OK, 0 rows affected, 1 warning (0.00 sec)

Query OK, 0 rows affected, 1 warning (0.00 sec)

Query OK, 0 rows affected, 1 warning (0.00 sec)

Query OK, 0 rows affected (0.00 sec)

+----------------------+
| Creating database... |
+----------------------+
| Creating database... |
+----------------------+
1 row in set (0.00 sec)

Query OK, 0 rows affected (0.04 sec)

Query OK, 0 rows affected (0.03 sec)

Query OK, 0 rows affected (0.04 sec)

Query OK, 0 rows affected (0.04 sec)

Query OK, 0 rows affected (0.04 sec)

Query OK, 0 rows affected (0.03 sec)

Query OK, 0 rows affected (0.03 sec)

Query OK, 0 rows affected (0.03 sec)

Query OK, 0 rows affected (0.04 sec)

Query OK, 0 rows affected (0.04 sec)

Query OK, 0 rows affected (0.11 sec)

Query OK, 0 rows affected (0.10 sec)

Query OK, 0 rows affected (0.04 sec)

Query OK, 0 rows affected (0.03 sec)

Query OK, 0 rows affected (0.03 sec)

Query OK, 0 rows affected (0.03 sec)

Query OK, 0 rows affected (0.02 sec)

Query OK, 0 rows affected (0.02 sec)

Query OK, 0 rows affected (0.03 sec)

+-------------------+
| Creating users... |
+-------------------+
| Creating users... |
+-------------------+
1 row in set (0.00 sec)

Query OK, 0 rows affected (0.01 sec)

+-------------------------+
| Granting permissions... |
+-------------------------+
| Granting permissions... |
+-------------------------+
1 row in set (0.00 sec)

Query OK, 0 rows affected (0.00 sec)

Query OK, 0 rows affected (0.00 sec)

+---------------------+
| Creating indexes... |
+---------------------+
| Creating indexes... |
+---------------------+
1 row in set (0.00 sec)

Query OK, 0 rows affected (0.02 sec)
Records: 0  Duplicates: 0  Warnings: 0

Query OK, 0 rows affected (0.02 sec)
Records: 0  Duplicates: 0  Warnings: 0

Query OK, 0 rows affected (0.01 sec)
Records: 0  Duplicates: 0  Warnings: 0

Query OK, 0 rows affected (0.02 sec)
Records: 0  Duplicates: 0  Warnings: 0

Query OK, 0 rows affected (0.02 sec)
Records: 0  Duplicates: 0  Warnings: 0

Query OK, 0 rows affected (0.01 sec)
Records: 0  Duplicates: 0  Warnings: 0

+------+
| CORE |
+------+
| CORE |
+------+
1 row in set (0.00 sec)

+--------------------+
| Inserting Books... |
+--------------------+
| Inserting Books... |
+--------------------+
1 row in set (0.00 sec)

Query OK, 4 rows affected (0.00 sec)
Records: 4  Duplicates: 0  Warnings: 0

+----------------------+
| Inserting Weapons... |
+----------------------+
| Inserting Weapons... |
+----------------------+
1 row in set (0.00 sec)

Query OK, 70 rows affected (0.01 sec)
Records: 70  Duplicates: 0  Warnings: 0

+--------------------+
| Inserting Armor... |
+--------------------+
| Inserting Armor... |
+--------------------+
1 row in set (0.00 sec)

Query OK, 18 rows affected (0.00 sec)
Records: 18  Duplicates: 0  Warnings: 0

+----------------------+
| Inserting Classes... |
+----------------------+
| Inserting Classes... |
+----------------------+
1 row in set (0.00 sec)

Query OK, 49 rows affected (0.00 sec)
Records: 49  Duplicates: 0  Warnings: 0

+--------------------------+
| Inserting Magic Armor... |
+--------------------------+
| Inserting Magic Armor... |
+--------------------------+
1 row in set (0.00 sec)

Query OK, 48 rows affected (0.01 sec)
Records: 48  Duplicates: 0  Warnings: 0

+----------------------------+
| Inserting Magic Weapons... |
+----------------------------+
| Inserting Magic Weapons... |
+----------------------------+
1 row in set (0.00 sec)

Query OK, 35 rows affected (0.01 sec)
Records: 35  Duplicates: 0  Warnings: 0

+----------------------------------------+
| Inserting Generic Weapons and Armor... |
+----------------------------------------+
| Inserting Generic Weapons and Armor... |
+----------------------------------------+
1 row in set (0.00 sec)

Query OK, 10 rows affected (0.00 sec)
Records: 10  Duplicates: 0  Warnings: 0

Query OK, 10 rows affected (0.00 sec)
Records: 10  Duplicates: 0  Warnings: 0

+--------------------------------+
| Inserting Special Materials... |
+--------------------------------+
| Inserting Special Materials... |
+--------------------------------+
1 row in set (0.00 sec)

Query OK, 6 rows affected (0.02 sec)
Records: 6  Duplicates: 0  Warnings: 0

+------------------------+
| Inserting PH Spells... |
+------------------------+
| Inserting PH Spells... |
+------------------------+
1 row in set (0.00 sec)

Query OK, 606 rows affected (0.25 sec)
Records: 606  Duplicates: 0  Warnings: 0

+----------------------------------------------+
| Creating Links between classes and spells... |
+----------------------------------------------+
| Creating Links between classes and spells... |
+----------------------------------------------+
1 row in set (0.00 sec)

Query OK, 1652 rows affected (0.05 sec)
Records: 1652  Duplicates: 0  Warnings: 0

+----------------------+
| Inserting Potions... |
+----------------------+
| Inserting Potions... |
+----------------------+
1 row in set (0.00 sec)

Query OK, 109 rows affected (0.01 sec)
Records: 109  Duplicates: 0  Warnings: 0

+--------------------+
| Inserting Rings... |
+--------------------+
| Inserting Rings... |
+--------------------+
1 row in set (0.00 sec)

Query OK, 58 rows affected (0.01 sec)
Records: 58  Duplicates: 0  Warnings: 0

+-------------------+
| Inserting Rods... |
+-------------------+
| Inserting Rods... |
+-------------------+
1 row in set (0.00 sec)

Query OK, 36 rows affected (0.01 sec)
Records: 36  Duplicates: 0  Warnings: 0

+---------------------+
| Inserting Staffs... |
+---------------------+
| Inserting Staffs... |
+---------------------+
1 row in set (0.00 sec)

Query OK, 21 rows affected (0.01 sec)
Records: 21  Duplicates: 0  Warnings: 0

+-----------------------------+
| Inserting Wondrous Items... |
+-----------------------------+
| Inserting Wondrous Items... |
+-----------------------------+
1 row in set (0.00 sec)

Query OK, 298 rows affected (0.04 sec)
Records: 298  Duplicates: 0  Warnings: 0

+-------------------------+
| Inserting Misc Items... |
+-------------------------+
| Inserting Misc Items... |
+-------------------------+
1 row in set (0.00 sec)

Query OK, 126 rows affected (0.01 sec)
Records: 126  Duplicates: 0  Warnings: 0

+------------+
| STORMWRACK |
+------------+
| STORMWRACK |
+------------+
1 row in set (0.00 sec)

+---------------------------------+
| Inserting Stormwrack Classes... |
+---------------------------------+
| Inserting Stormwrack Classes... |
+---------------------------------+
1 row in set (0.00 sec)

Query OK, 11 rows affected (0.01 sec)
Records: 11  Duplicates: 0  Warnings: 0

+-------------------------------+
| Inserting Stormwrack Armor... |
+-------------------------------+
| Inserting Stormwrack Armor... |
+-------------------------------+
1 row in set (0.00 sec)

Query OK, 5 rows affected (0.00 sec)
Records: 5  Duplicates: 0  Warnings: 0

+---------------------------------+
| Inserting Stormwrack Weapons... |
+---------------------------------+
| Inserting Stormwrack Weapons... |
+---------------------------------+
1 row in set (0.00 sec)

Query OK, 6 rows affected (0.00 sec)
Records: 6  Duplicates: 0  Warnings: 0

+-----------------------------------+
| Inserting Stormwrack Materials... |
+-----------------------------------+
| Inserting Stormwrack Materials... |
+-----------------------------------+
1 row in set (0.00 sec)

Query OK, 2 rows affected (0.00 sec)
Records: 2  Duplicates: 0  Warnings: 0

+--------------------------------+
| Inserting Stormwrack Spells... |
+--------------------------------+
| Inserting Stormwrack Spells... |
+--------------------------------+
1 row in set (0.00 sec)

Query OK, 45 rows affected (0.01 sec)
Records: 45  Duplicates: 0  Warnings: 0

+--------------------------------------+
| Inserting Stormwrack Class Spells... |
+--------------------------------------+
| Inserting Stormwrack Class Spells... |
+--------------------------------------+
1 row in set (0.00 sec)

Query OK, 141 rows affected (0.01 sec)
Records: 141  Duplicates: 0  Warnings: 0

+-------------------------------------+
| Inserting Stormwrack Magic Armor... |
+-------------------------------------+
| Inserting Stormwrack Magic Armor... |
+-------------------------------------+
1 row in set (0.00 sec)

Query OK, 4 rows affected (0.01 sec)
Records: 4  Duplicates: 0  Warnings: 0

+---------------------------------------+
| Inserting Stormwrack Magic Weapons... |
+---------------------------------------+
| Inserting Stormwrack Magic Weapons... |
+---------------------------------------+
1 row in set (0.00 sec)

Query OK, 3 rows affected (0.01 sec)
Records: 3  Duplicates: 0  Warnings: 0

+-------------------------------+
| Inserting Stormwrack Rings... |
+-------------------------------+
| Inserting Stormwrack Rings... |
+-------------------------------+
1 row in set (0.00 sec)

Query OK, 3 rows affected (0.01 sec)
Records: 3  Duplicates: 0  Warnings: 0

+-----------------------------------------+
| Inserting Stormwrack Rods and Staffs... |
+-----------------------------------------+
| Inserting Stormwrack Rods and Staffs... |
+-----------------------------------------+
1 row in set (0.00 sec)

Query OK, 1 row affected (0.01 sec)

Query OK, 1 row affected (0.01 sec)

+----------------------------------------+
| Inserting Stormwrack Wondrous Items... |
+----------------------------------------+
| Inserting Stormwrack Wondrous Items... |
+----------------------------------------+
1 row in set (0.00 sec)

Query OK, 29 rows affected (0.04 sec)
Records: 29  Duplicates: 0  Warnings: 0

+---------------------------------+
| Inserting Stormwrack Potions... |
+---------------------------------+
| Inserting Stormwrack Potions... |
+---------------------------------+
1 row in set (0.00 sec)

Query OK, 9 rows affected (0.01 sec)
Records: 9  Duplicates: 0  Warnings: 0

+------------------------------------+
| Inserting Stormwrack Misc Items... |
+------------------------------------+
| Inserting Stormwrack Misc Items... |
+------------------------------------+
1 row in set (0.00 sec)

Query OK, 8 rows affected (0.01 sec)
Records: 8  Duplicates: 0  Warnings: 0

+-----------+
| SANDSTORM |
+-----------+
| SANDSTORM |
+-----------+
1 row in set (0.00 sec)

+--------------------------------+
| Inserting Sandstorm Classes... |
+--------------------------------+
| Inserting Sandstorm Classes... |
+--------------------------------+
1 row in set (0.00 sec)

Query OK, 12 rows affected (0.00 sec)
Records: 12  Duplicates: 0  Warnings: 0

+------------------------------+
| Inserting Sandstorm Armor... |
+------------------------------+
| Inserting Sandstorm Armor... |
+------------------------------+
1 row in set (0.00 sec)

Query OK, 4 rows affected (0.00 sec)
Records: 4  Duplicates: 0  Warnings: 0

+--------------------------------+
| Inserting Sandstorm Weapons... |
+--------------------------------+
| Inserting Sandstorm Weapons... |
+--------------------------------+
1 row in set (0.00 sec)

Query OK, 18 rows affected (0.01 sec)
Records: 18  Duplicates: 0  Warnings: 0

+-----------------------------------+
| Inserting Sandstorm Misc Items... |
+-----------------------------------+
| Inserting Sandstorm Misc Items... |
+-----------------------------------+
1 row in set (0.00 sec)

Query OK, 19 rows affected (0.01 sec)
Records: 19  Duplicates: 0  Warnings: 0

+------------------------------------------+
| Inserting Sandstorm Special Materials... |
+------------------------------------------+
| Inserting Sandstorm Special Materials... |
+------------------------------------------+
1 row in set (0.00 sec)

Query OK, 1 row affected (0.00 sec)

+-------------------------------+
| Inserting Sandstorm Spells... |
+-------------------------------+
| Inserting Sandstorm Spells... |
+-------------------------------+
1 row in set (0.00 sec)

Query OK, 68 rows affected (0.01 sec)
Records: 68  Duplicates: 0  Warnings: 0

+-------------------------------------+
| Inserting Sandstorm Class Spells... |
+-------------------------------------+
| Inserting Sandstorm Class Spells... |
+-------------------------------------+
1 row in set (0.00 sec)

Query OK, 233 rows affected (0.01 sec)
Records: 233  Duplicates: 0  Warnings: 0

+------------------------------------+
| Inserting Sandstorm Magic Armor... |
+------------------------------------+
| Inserting Sandstorm Magic Armor... |
+------------------------------------+
1 row in set (0.00 sec)

Query OK, 3 rows affected (0.01 sec)
Records: 3  Duplicates: 0  Warnings: 0

+--------------------------------------+
| Inserting Sandstorm Magic Weapons... |
+--------------------------------------+
| Inserting Sandstorm Magic Weapons... |
+--------------------------------------+
1 row in set (0.00 sec)

Query OK, 3 rows affected (0.00 sec)
Records: 3  Duplicates: 0  Warnings: 0

+------------------------------+
| Inserting Sandstorm Rings... |
+------------------------------+
| Inserting Sandstorm Rings... |
+------------------------------+
1 row in set (0.00 sec)

Query OK, 3 rows affected (0.00 sec)
Records: 3  Duplicates: 0  Warnings: 0

+----------------------------------------+
| Inserting Sandstorm Rods and Staffs... |
+----------------------------------------+
| Inserting Sandstorm Rods and Staffs... |
+----------------------------------------+
1 row in set (0.00 sec)

Query OK, 1 row affected (0.00 sec)

Query OK, 4 rows affected (0.00 sec)
Records: 4  Duplicates: 0  Warnings: 0

+---------------------------------------+
| Inserting Sandstorm Wondrous Items... |
+---------------------------------------+
| Inserting Sandstorm Wondrous Items... |
+---------------------------------------+
1 row in set (0.00 sec)

Query OK, 32 rows affected (0.01 sec)
Records: 32  Duplicates: 0  Warnings: 0

+------------------------------------+
| Updating special material links... |
+------------------------------------+
| Updating special material links... |
+------------------------------------+
1 row in set (0.00 sec)

Query OK, 51 rows affected (0.01 sec)
Records: 51  Duplicates: 0  Warnings: 0

Query OK, 291 rows affected (0.01 sec)
Records: 291  Duplicates: 0  Warnings: 0

+-------------------------+
| Updating spell costs... |
+-------------------------+
| Updating spell costs... |
+-------------------------+
1 row in set (0.00 sec)

Query OK, 908 rows affected (0.04 sec)
Rows matched: 908  Changed: 908  Warnings: 0

Query OK, 79 rows affected (0.01 sec)
Rows matched: 79  Changed: 79  Warnings: 0

Query OK, 64 rows affected (0.01 sec)
Rows matched: 64  Changed: 64  Warnings: 0

Query OK, 34 rows affected (0.00 sec)
Rows matched: 34  Changed: 34  Warnings: 0

Query OK, 23 rows affected (0.00 sec)
Rows matched: 23  Changed: 23  Warnings: 0

Query OK, 16 rows affected (0.00 sec)
Rows matched: 16  Changed: 16  Warnings: 0

Query OK, 22 rows affected (0.00 sec)
Rows matched: 22  Changed: 22  Warnings: 0

Query OK, 74 rows affected (0.00 sec)
Rows matched: 74  Changed: 74  Warnings: 0

Query OK, 29 rows affected (0.00 sec)
Rows matched: 29  Changed: 29  Warnings: 0

Query OK, 18 rows affected (0.00 sec)
Rows matched: 18  Changed: 18  Warnings: 0

Query OK, 47 rows affected (0.00 sec)
Rows matched: 47  Changed: 47  Warnings: 0

Query OK, 382 rows affected (0.01 sec)
Rows matched: 382  Changed: 382  Warnings: 0

+------------------------------+
| Updating base spell costs... |
+------------------------------+
| Updating base spell costs... |
+------------------------------+
1 row in set (0.00 sec)

Query OK, 1 row affected (0.00 sec)
Rows matched: 1  Changed: 1  Warnings: 0

Query OK, 1 row affected (0.00 sec)
Rows matched: 1  Changed: 1  Warnings: 0

Query OK, 10 rows affected (0.01 sec)
Rows matched: 10  Changed: 10  Warnings: 0

Query OK, 1 row affected (0.00 sec)
Rows matched: 1  Changed: 1  Warnings: 0

Query OK, 2 rows affected (0.00 sec)
Rows matched: 2  Changed: 2  Warnings: 0

Query OK, 4 rows affected (0.00 sec)
Rows matched: 4  Changed: 4  Warnings: 0

Query OK, 1 row affected (0.00 sec)
Rows matched: 1  Changed: 1  Warnings: 0

Query OK, 10 rows affected (0.02 sec)
Rows matched: 10  Changed: 10  Warnings: 0

Query OK, 7 rows affected (0.02 sec)
Rows matched: 7  Changed: 7  Warnings: 0

Query OK, 2 rows affected (0.01 sec)
Rows matched: 2  Changed: 2  Warnings: 0

Query OK, 4 rows affected (0.01 sec)
Rows matched: 4  Changed: 4  Warnings: 0

Query OK, 3 rows affected (0.01 sec)
Rows matched: 3  Changed: 3  Warnings: 0

Query OK, 3 rows affected (0.01 sec)
Rows matched: 3  Changed: 3  Warnings: 0

Query OK, 1 row affected (0.01 sec)
Rows matched: 1  Changed: 1  Warnings: 0

Query OK, 1 row affected (0.01 sec)
Rows matched: 1  Changed: 1  Warnings: 0

Query OK, 4 rows affected (0.01 sec)
Rows matched: 4  Changed: 4  Warnings: 0

Query OK, 1 row affected (0.01 sec)
Rows matched: 1  Changed: 1  Warnings: 0

Query OK, 2 rows affected (0.01 sec)
Rows matched: 2  Changed: 2  Warnings: 0

Query OK, 1 row affected (0.01 sec)
Rows matched: 1  Changed: 1  Warnings: 0

Query OK, 7 rows affected (0.01 sec)
Rows matched: 7  Changed: 7  Warnings: 0

Query OK, 1 row affected (0.00 sec)
Rows matched: 1  Changed: 1  Warnings: 0

Query OK, 1 row affected (0.00 sec)
Rows matched: 1  Changed: 1  Warnings: 0

Query OK, 1 row affected (0.00 sec)
Rows matched: 1  Changed: 1  Warnings: 0

+------------------------------------+
| Updating Stormwrack spell costs... |
+------------------------------------+
| Updating Stormwrack spell costs... |
+------------------------------------+
1 row in set (0.00 sec)

Query OK, 1 row affected (0.00 sec)
Rows matched: 1  Changed: 1  Warnings: 0

Query OK, 1 row affected (0.00 sec)
Rows matched: 1  Changed: 1  Warnings: 0

+-----------------------------------+
| Updating Sandstorm spell costs... |
+-----------------------------------+
| Updating Sandstorm spell costs... |
+-----------------------------------+
1 row in set (0.00 sec)

Query OK, 1 row affected (0.00 sec)
Rows matched: 1  Changed: 1  Warnings: 0

Query OK, 1 row affected (0.00 sec)
Rows matched: 1  Changed: 1  Warnings: 0

Query OK, 1 row affected (0.00 sec)
Rows matched: 1  Changed: 1  Warnings: 0

Query OK, 1 row affected (0.00 sec)
Rows matched: 1  Changed: 1  Warnings: 0

Query OK, 1617 rows affected (0.04 sec)
Rows matched: 1947  Changed: 1617  Warnings: 0

Query OK, 79 rows affected (0.01 sec)
Rows matched: 79  Changed: 79  Warnings: 0

Query OK, 941 rows affected (0.03 sec)
Rows matched: 1111  Changed: 941  Warnings: 0

Query OK, 79 rows affected (0.01 sec)
Rows matched: 79  Changed: 79  Warnings: 0

+----------------------------------------------------+
| Updating Item Levels from Magic Item Compendium... |
+----------------------------------------------------+
| Updating Item Levels from Magic Item Compendium... |
+----------------------------------------------------+
1 row in set (0.00 sec)

Query OK, 2 rows affected (0.00 sec)
Rows matched: 2  Changed: 2  Warnings: 0

Query OK, 2 rows affected (0.00 sec)
Rows matched: 2  Changed: 2  Warnings: 0

Query OK, 9 rows affected (0.00 sec)
Rows matched: 9  Changed: 9  Warnings: 0

Query OK, 3 rows affected (0.00 sec)
Rows matched: 3  Changed: 3  Warnings: 0

Query OK, 14 rows affected (0.00 sec)
Rows matched: 14  Changed: 14  Warnings: 0

Query OK, 7 rows affected (0.00 sec)
Rows matched: 7  Changed: 7  Warnings: 0

Query OK, 7 rows affected (0.00 sec)
Rows matched: 7  Changed: 7  Warnings: 0

Query OK, 20 rows affected (0.00 sec)
Rows matched: 20  Changed: 20  Warnings: 0

Query OK, 18 rows affected (0.00 sec)
Rows matched: 18  Changed: 18  Warnings: 0

Query OK, 7 rows affected (0.00 sec)
Rows matched: 7  Changed: 7  Warnings: 0

Query OK, 16 rows affected (0.00 sec)
Rows matched: 16  Changed: 16  Warnings: 0

Query OK, 21 rows affected (0.00 sec)
Rows matched: 21  Changed: 21  Warnings: 0

Query OK, 25 rows affected (0.00 sec)
Rows matched: 25  Changed: 25  Warnings: 0

Query OK, 19 rows affected (0.00 sec)
Rows matched: 19  Changed: 19  Warnings: 0

Query OK, 27 rows affected (0.00 sec)
Rows matched: 27  Changed: 27  Warnings: 0

Query OK, 23 rows affected (0.01 sec)
Rows matched: 23  Changed: 23  Warnings: 0

Query OK, 29 rows affected (0.01 sec)
Rows matched: 29  Changed: 29  Warnings: 0

Query OK, 21 rows affected (0.00 sec)
Rows matched: 21  Changed: 21  Warnings: 0

Query OK, 33 rows affected (0.00 sec)
Rows matched: 33  Changed: 33  Warnings: 0

Query OK, 11 rows affected (0.00 sec)
Rows matched: 11  Changed: 11  Warnings: 0

Query OK, 21 rows affected (0.00 sec)
Rows matched: 21  Changed: 21  Warnings: 0

Query OK, 9 rows affected (0.00 sec)
Rows matched: 9  Changed: 9  Warnings: 0

Query OK, 7 rows affected (0.00 sec)
Rows matched: 7  Changed: 7  Warnings: 0

Query OK, 4 rows affected (0.00 sec)
Rows matched: 4  Changed: 4  Warnings: 0

Query OK, 3 rows affected (0.00 sec)
Rows matched: 3  Changed: 3  Warnings: 0

Query OK, 1 row affected (0.00 sec)
Rows matched: 1  Changed: 1  Warnings: 0

Query OK, 0 rows affected (0.00 sec)
Rows matched: 0  Changed: 0  Warnings: 0

Query OK, 0 rows affected (0.00 sec)
Rows matched: 0  Changed: 0  Warnings: 0

Query OK, 0 rows affected (0.00 sec)
Rows matched: 0  Changed: 0  Warnings: 0

Query OK, 0 rows affected (0.00 sec)
Rows matched: 0  Changed: 0  Warnings: 0

Query OK, 0 rows affected (0.00 sec)
Rows matched: 0  Changed: 0  Warnings: 0

Query OK, 22 rows affected (0.00 sec)
Rows matched: 22  Changed: 22  Warnings: 0

Query OK, 1 row affected (0.00 sec)
Rows matched: 1  Changed: 1  Warnings: 0

Query OK, 34 rows affected (0.00 sec)
Rows matched: 34  Changed: 34  Warnings: 0

Query OK, 39 rows affected (0.00 sec)
Rows matched: 39  Changed: 39  Warnings: 0

Query OK, 12 rows affected (0.00 sec)
Rows matched: 12  Changed: 12  Warnings: 0

Query OK, 4 rows affected (0.00 sec)
Rows matched: 4  Changed: 4  Warnings: 0

Query OK, 0 rows affected (0.00 sec)
Rows matched: 0  Changed: 0  Warnings: 0

Query OK, 6 rows affected (0.00 sec)
Rows matched: 6  Changed: 6  Warnings: 0

Query OK, 0 rows affected (0.00 sec)
Rows matched: 0  Changed: 0  Warnings: 0

Query OK, 0 rows affected (0.00 sec)
Rows matched: 0  Changed: 0  Warnings: 0

Query OK, 0 rows affected (0.00 sec)
Rows matched: 0  Changed: 0  Warnings: 0

Query OK, 0 rows affected (0.00 sec)
Rows matched: 0  Changed: 0  Warnings: 0

Query OK, 0 rows affected (0.00 sec)
Rows matched: 0  Changed: 0  Warnings: 0

Query OK, 0 rows affected (0.00 sec)
Rows matched: 0  Changed: 0  Warnings: 0

Query OK, 0 rows affected (0.00 sec)
Rows matched: 0  Changed: 0  Warnings: 0

Query OK, 0 rows affected (0.00 sec)
Rows matched: 0  Changed: 0  Warnings: 0

Query OK, 0 rows affected (0.00 sec)
Rows matched: 0  Changed: 0  Warnings: 0

Query OK, 0 rows affected (0.00 sec)
Rows matched: 0  Changed: 0  Warnings: 0

Query OK, 0 rows affected (0.00 sec)
Rows matched: 0  Changed: 0  Warnings: 0

Query OK, 0 rows affected (0.00 sec)
Rows matched: 0  Changed: 0  Warnings: 0

Query OK, 0 rows affected (0.00 sec)
Rows matched: 0  Changed: 0  Warnings: 0

Query OK, 0 rows affected (0.00 sec)
Rows matched: 0  Changed: 0  Warnings: 0

Query OK, 0 rows affected (0.00 sec)
Rows matched: 0  Changed: 0  Warnings: 0

Query OK, 0 rows affected (0.00 sec)
Rows matched: 0  Changed: 0  Warnings: 0

Query OK, 0 rows affected (0.00 sec)
Rows matched: 0  Changed: 0  Warnings: 0

Query OK, 0 rows affected (0.00 sec)
Rows matched: 0  Changed: 0  Warnings: 0

Query OK, 0 rows affected (0.00 sec)
Rows matched: 0  Changed: 0  Warnings: 0

Query OK, 0 rows affected (0.00 sec)
Rows matched: 0  Changed: 0  Warnings: 0

Query OK, 0 rows affected (0.00 sec)
Rows matched: 0  Changed: 0  Warnings: 0

Query OK, 0 rows affected (0.00 sec)
Rows matched: 0  Changed: 0  Warnings: 0

Query OK, 0 rows affected (0.00 sec)
Rows matched: 0  Changed: 0  Warnings: 0

Query OK, 0 rows affected (0.00 sec)
Rows matched: 0  Changed: 0  Warnings: 0

Query OK, 0 rows affected (0.00 sec)
Rows matched: 0  Changed: 0  Warnings: 0

Query OK, 0 rows affected (0.00 sec)
Rows matched: 0  Changed: 0  Warnings: 0

Query OK, 0 rows affected (0.00 sec)
Rows matched: 0  Changed: 0  Warnings: 0

Query OK, 0 rows affected (0.00 sec)
Rows matched: 0  Changed: 0  Warnings: 0

Query OK, 0 rows affected (0.00 sec)
Rows matched: 0  Changed: 0  Warnings: 0

Query OK, 2 rows affected (0.00 sec)
Rows matched: 2  Changed: 2  Warnings: 0

Query OK, 4 rows affected (0.00 sec)
Rows matched: 4  Changed: 4  Warnings: 0

Query OK, 1 row affected (0.00 sec)
Rows matched: 1  Changed: 1  Warnings: 0

Query OK, 1 row affected (0.00 sec)
Rows matched: 1  Changed: 1  Warnings: 0

Query OK, 0 rows affected (0.00 sec)
Rows matched: 0  Changed: 0  Warnings: 0

Query OK, 2 rows affected (0.00 sec)
Rows matched: 2  Changed: 2  Warnings: 0

Query OK, 6 rows affected (0.00 sec)
Rows matched: 6  Changed: 6  Warnings: 0

Query OK, 7 rows affected (0.00 sec)
Rows matched: 7  Changed: 7  Warnings: 0

Query OK, 3 rows affected (0.00 sec)
Rows matched: 3  Changed: 3  Warnings: 0

Query OK, 6 rows affected (0.00 sec)
Rows matched: 6  Changed: 6  Warnings: 0

Query OK, 7 rows affected (0.00 sec)
Rows matched: 7  Changed: 7  Warnings: 0

Query OK, 8 rows affected (0.00 sec)
Rows matched: 8  Changed: 8  Warnings: 0

Query OK, 4 rows affected (0.00 sec)
Rows matched: 4  Changed: 4  Warnings: 0

Query OK, 2 rows affected (0.00 sec)
Rows matched: 2  Changed: 2  Warnings: 0

Query OK, 4 rows affected (0.00 sec)
Rows matched: 4  Changed: 4  Warnings: 0

Query OK, 0 rows affected (0.00 sec)
Rows matched: 0  Changed: 0  Warnings: 0

Query OK, 2 rows affected (0.00 sec)
Rows matched: 2  Changed: 2  Warnings: 0

Query OK, 0 rows affected (0.00 sec)
Rows matched: 0  Changed: 0  Warnings: 0

Query OK, 0 rows affected (0.00 sec)
Rows matched: 0  Changed: 0  Warnings: 0

Query OK, 5 rows affected (0.00 sec)
Rows matched: 5  Changed: 5  Warnings: 0

Query OK, 0 rows affected (0.00 sec)
Rows matched: 0  Changed: 0  Warnings: 0

Query OK, 0 rows affected (0.00 sec)
Rows matched: 0  Changed: 0  Warnings: 0

Query OK, 0 rows affected (0.00 sec)
Rows matched: 0  Changed: 0  Warnings: 0

Query OK, 0 rows affected (0.00 sec)
Rows matched: 0  Changed: 0  Warnings: 0

Query OK, 0 rows affected (0.00 sec)
Rows matched: 0  Changed: 0  Warnings: 0

Query OK, 0 rows affected (0.00 sec)
Rows matched: 0  Changed: 0  Warnings: 0

Query OK, 0 rows affected (0.00 sec)
Rows matched: 0  Changed: 0  Warnings: 0

Query OK, 0 rows affected (0.00 sec)
Rows matched: 0  Changed: 0  Warnings: 0

Query OK, 0 rows affected (0.00 sec)
Rows matched: 0  Changed: 0  Warnings: 0

Query OK, 0 rows affected (0.00 sec)
Rows matched: 0  Changed: 0  Warnings: 0

Query OK, 0 rows affected (0.00 sec)
Rows matched: 0  Changed: 0  Warnings: 0

Query OK, 0 rows affected (0.00 sec)
Rows matched: 0  Changed: 0  Warnings: 0

Query OK, 3 rows affected (0.00 sec)
Rows matched: 3  Changed: 3  Warnings: 0

Query OK, 0 rows affected (0.00 sec)
Rows matched: 0  Changed: 0  Warnings: 0

Query OK, 1 row affected (0.00 sec)
Rows matched: 1  Changed: 1  Warnings: 0

Query OK, 0 rows affected (0.00 sec)
Rows matched: 0  Changed: 0  Warnings: 0

Query OK, 0 rows affected (0.00 sec)
Rows matched: 0  Changed: 0  Warnings: 0

Query OK, 1 row affected (0.00 sec)
Rows matched: 1  Changed: 1  Warnings: 0

Query OK, 7 rows affected (0.00 sec)
Rows matched: 7  Changed: 7  Warnings: 0

Query OK, 2 rows affected (0.01 sec)
Rows matched: 2  Changed: 2  Warnings: 0

Query OK, 8 rows affected (0.01 sec)
Rows matched: 8  Changed: 8  Warnings: 0

Query OK, 3 rows affected (0.01 sec)
Rows matched: 3  Changed: 3  Warnings: 0

Query OK, 1 row affected (0.01 sec)
Rows matched: 1  Changed: 1  Warnings: 0

Query OK, 6 rows affected (0.01 sec)
Rows matched: 6  Changed: 6  Warnings: 0

Query OK, 3 rows affected (0.01 sec)
Rows matched: 3  Changed: 3  Warnings: 0

Query OK, 1 row affected (0.01 sec)
Rows matched: 1  Changed: 1  Warnings: 0

Query OK, 0 rows affected (0.00 sec)
Rows matched: 0  Changed: 0  Warnings: 0

Query OK, 1 row affected (0.01 sec)
Rows matched: 1  Changed: 1  Warnings: 0

Query OK, 0 rows affected (0.00 sec)
Rows matched: 0  Changed: 0  Warnings: 0

Query OK, 1 row affected (0.01 sec)
Rows matched: 1  Changed: 1  Warnings: 0

Query OK, 0 rows affected (0.00 sec)
Rows matched: 0  Changed: 0  Warnings: 0

Query OK, 0 rows affected (0.00 sec)
Rows matched: 0  Changed: 0  Warnings: 0

Query OK, 0 rows affected (0.00 sec)
Rows matched: 0  Changed: 0  Warnings: 0

Query OK, 0 rows affected (0.00 sec)
Rows matched: 0  Changed: 0  Warnings: 0

Query OK, 0 rows affected (0.00 sec)
Rows matched: 0  Changed: 0  Warnings: 0

Query OK, 0 rows affected (0.00 sec)
Rows matched: 0  Changed: 0  Warnings: 0

Query OK, 0 rows affected (0.00 sec)
Rows matched: 0  Changed: 0  Warnings: 0

Query OK, 0 rows affected (0.00 sec)
Rows matched: 0  Changed: 0  Warnings: 0

Query OK, 0 rows affected (0.00 sec)
Rows matched: 0  Changed: 0  Warnings: 0

Query OK, 0 rows affected (0.00 sec)
Rows matched: 0  Changed: 0  Warnings: 0

Query OK, 0 rows affected (0.00 sec)
Rows matched: 0  Changed: 0  Warnings: 0

Query OK, 0 rows affected (0.00 sec)
Rows matched: 0  Changed: 0  Warnings: 0

Query OK, 0 rows affected (0.00 sec)
Rows matched: 0  Changed: 0  Warnings: 0

Query OK, 0 rows affected (0.00 sec)
Rows matched: 0  Changed: 0  Warnings: 0

Query OK, 0 rows affected (0.00 sec)
Rows matched: 0  Changed: 0  Warnings: 0

Query OK, 0 rows affected (0.00 sec)
Rows matched: 0  Changed: 0  Warnings: 0

Query OK, 0 rows affected (0.00 sec)
Rows matched: 0  Changed: 0  Warnings: 0

Query OK, 0 rows affected (0.00 sec)
Rows matched: 0  Changed: 0  Warnings: 0

Query OK, 0 rows affected (0.00 sec)
Rows matched: 0  Changed: 0  Warnings: 0

Query OK, 0 rows affected (0.00 sec)
Rows matched: 0  Changed: 0  Warnings: 0

Query OK, 2 rows affected (0.01 sec)
Rows matched: 2  Changed: 2  Warnings: 0

Query OK, 1 row affected (0.01 sec)
Rows matched: 1  Changed: 1  Warnings: 0

Query OK, 2 rows affected (0.01 sec)
Rows matched: 2  Changed: 2  Warnings: 0

Query OK, 0 rows affected (0.00 sec)
Rows matched: 0  Changed: 0  Warnings: 0

Query OK, 4 rows affected (0.01 sec)
Rows matched: 4  Changed: 4  Warnings: 0

Query OK, 10 rows affected (0.01 sec)
Rows matched: 10  Changed: 10  Warnings: 0

Query OK, 3 rows affected (0.01 sec)
Rows matched: 3  Changed: 3  Warnings: 0

Query OK, 1 row affected (0.01 sec)
Rows matched: 1  Changed: 1  Warnings: 0

Query OK, 0 rows affected (0.00 sec)
Rows matched: 0  Changed: 0  Warnings: 0

Query OK, 1 row affected (0.01 sec)
Rows matched: 1  Changed: 1  Warnings: 0

Query OK, 1 row affected (0.01 sec)
Rows matched: 1  Changed: 1  Warnings: 0

Query OK, 0 rows affected (0.00 sec)
Rows matched: 0  Changed: 0  Warnings: 0

Query OK, 1 row affected (0.01 sec)
Rows matched: 1  Changed: 1  Warnings: 0

Query OK, 0 rows affected (0.00 sec)
Rows matched: 0  Changed: 0  Warnings: 0

Query OK, 0 rows affected (0.00 sec)
Rows matched: 0  Changed: 0  Warnings: 0

Query OK, 0 rows affected (0.00 sec)
Rows matched: 0  Changed: 0  Warnings: 0

Query OK, 0 rows affected (0.00 sec)
Rows matched: 0  Changed: 0  Warnings: 0

Query OK, 304 rows affected (0.02 sec)
Rows matched: 304  Changed: 304  Warnings: 0

Query OK, 132 rows affected (0.01 sec)
Rows matched: 132  Changed: 132  Warnings: 0

Query OK, 288 rows affected (0.01 sec)
Rows matched: 288  Changed: 288  Warnings: 0

Query OK, 264 rows affected (0.01 sec)
Rows matched: 264  Changed: 264  Warnings: 0

Query OK, 195 rows affected (0.01 sec)
Rows matched: 195  Changed: 195  Warnings: 0

Query OK, 150 rows affected (0.01 sec)
Rows matched: 150  Changed: 150  Warnings: 0

Query OK, 85 rows affected (0.00 sec)
Rows matched: 85  Changed: 85  Warnings: 0

Query OK, 119 rows affected (0.01 sec)
Rows matched: 119  Changed: 119  Warnings: 0

Query OK, 91 rows affected (0.01 sec)
Rows matched: 91  Changed: 91  Warnings: 0

Query OK, 31 rows affected (0.00 sec)
Rows matched: 31  Changed: 31  Warnings: 0

Query OK, 8 rows affected (0.00 sec)
Rows matched: 8  Changed: 8  Warnings: 0

Query OK, 17 rows affected (0.00 sec)
Rows matched: 17  Changed: 17  Warnings: 0

Query OK, 5 rows affected (0.00 sec)
Rows matched: 5  Changed: 5  Warnings: 0

Query OK, 1 row affected (0.00 sec)
Rows matched: 1  Changed: 1  Warnings: 0

Query OK, 1 row affected (0.00 sec)
Rows matched: 1  Changed: 1  Warnings: 0

Query OK, 1 row affected (0.00 sec)
Rows matched: 1  Changed: 1  Warnings: 0

Query OK, 4 rows affected (0.00 sec)
Rows matched: 4  Changed: 4  Warnings: 0

Query OK, 0 rows affected (0.00 sec)
Rows matched: 0  Changed: 0  Warnings: 0

Query OK, 0 rows affected (0.00 sec)
Rows matched: 0  Changed: 0  Warnings: 0

Query OK, 0 rows affected (0.00 sec)
Rows matched: 0  Changed: 0  Warnings: 0

Query OK, 0 rows affected (0.00 sec)
Rows matched: 0  Changed: 0  Warnings: 0

Query OK, 0 rows affected (0.00 sec)
Rows matched: 0  Changed: 0  Warnings: 0

Query OK, 0 rows affected (0.00 sec)
Rows matched: 0  Changed: 0  Warnings: 0

Query OK, 0 rows affected (0.00 sec)
Rows matched: 0  Changed: 0  Warnings: 0

Query OK, 0 rows affected (0.00 sec)
Rows matched: 0  Changed: 0  Warnings: 0

Query OK, 0 rows affected (0.00 sec)
Rows matched: 0  Changed: 0  Warnings: 0

Query OK, 0 rows affected (0.00 sec)
Rows matched: 0  Changed: 0  Warnings: 0

Query OK, 0 rows affected (0.00 sec)
Rows matched: 0  Changed: 0  Warnings: 0

Query OK, 0 rows affected (0.00 sec)
Rows matched: 0  Changed: 0  Warnings: 0

Query OK, 0 rows affected (0.00 sec)
Rows matched: 0  Changed: 0  Warnings: 0

Query OK, 0 rows affected (0.00 sec)
Rows matched: 0  Changed: 0  Warnings: 0

Query OK, 0 rows affected (0.00 sec)
Rows matched: 0  Changed: 0  Warnings: 0

Query OK, 0 rows affected (0.00 sec)
Rows matched: 0  Changed: 0  Warnings: 0

Query OK, 79 rows affected (0.01 sec)
Rows matched: 79  Changed: 79  Warnings: 0

Query OK, 154 rows affected (0.01 sec)
Rows matched: 154  Changed: 154  Warnings: 0

Query OK, 0 rows affected (0.00 sec)
Rows matched: 0  Changed: 0  Warnings: 0

Query OK, 69 rows affected (0.00 sec)
Rows matched: 69  Changed: 69  Warnings: 0

Query OK, 3 rows affected (0.00 sec)
Rows matched: 3  Changed: 3  Warnings: 0

Query OK, 1 row affected (0.00 sec)
Rows matched: 1  Changed: 1  Warnings: 0

Query OK, 0 rows affected (0.00 sec)
Rows matched: 0  Changed: 0  Warnings: 0

Query OK, 131 rows affected (0.01 sec)
Rows matched: 131  Changed: 131  Warnings: 0

Query OK, 132 rows affected (0.01 sec)
Rows matched: 132  Changed: 132  Warnings: 0

Query OK, 3 rows affected (0.00 sec)
Rows matched: 3  Changed: 3  Warnings: 0

Query OK, 2 rows affected (0.00 sec)
Rows matched: 2  Changed: 2  Warnings: 0

Query OK, 150 rows affected (0.01 sec)
Rows matched: 150  Changed: 150  Warnings: 0

Query OK, 89 rows affected (0.00 sec)
Rows matched: 89  Changed: 89  Warnings: 0

Query OK, 173 rows affected (0.01 sec)
Rows matched: 173  Changed: 173  Warnings: 0

Query OK, 27 rows affected (0.00 sec)
Rows matched: 27  Changed: 27  Warnings: 0

Query OK, 6 rows affected (0.00 sec)
Rows matched: 6  Changed: 6  Warnings: 0

Query OK, 0 rows affected (0.00 sec)
Rows matched: 0  Changed: 0  Warnings: 0

Query OK, 1 row affected (0.00 sec)
Rows matched: 1  Changed: 1  Warnings: 0

Query OK, 0 rows affected (0.00 sec)
Rows matched: 0  Changed: 0  Warnings: 0

Query OK, 0 rows affected (0.00 sec)
Rows matched: 0  Changed: 0  Warnings: 0

Query OK, 0 rows affected (0.00 sec)
Rows matched: 0  Changed: 0  Warnings: 0

Query OK, 0 rows affected (0.00 sec)
Rows matched: 0  Changed: 0  Warnings: 0

Query OK, 0 rows affected (0.00 sec)
Rows matched: 0  Changed: 0  Warnings: 0

Query OK, 0 rows affected (0.00 sec)
Rows matched: 0  Changed: 0  Warnings: 0

Query OK, 0 rows affected (0.00 sec)
Rows matched: 0  Changed: 0  Warnings: 0

Query OK, 0 rows affected (0.00 sec)
Rows matched: 0  Changed: 0  Warnings: 0

Query OK, 0 rows affected (0.00 sec)
Rows matched: 0  Changed: 0  Warnings: 0

Query OK, 0 rows affected (0.00 sec)
Rows matched: 0  Changed: 0  Warnings: 0

Query OK, 0 rows affected (0.00 sec)
Rows matched: 0  Changed: 0  Warnings: 0

Query OK, 0 rows affected (0.00 sec)
Rows matched: 0  Changed: 0  Warnings: 0

Query OK, 0 rows affected (0.00 sec)
Rows matched: 0  Changed: 0  Warnings: 0

Query OK, 0 rows affected (0.00 sec)
Rows matched: 0  Changed: 0  Warnings: 0

Query OK, 0 rows affected (0.00 sec)
Rows matched: 0  Changed: 0  Warnings: 0

Query OK, 0 rows affected (0.00 sec)
Rows matched: 0  Changed: 0  Warnings: 0

Query OK, 0 rows affected (0.00 sec)
Rows matched: 0  Changed: 0  Warnings: 0

Query OK, 1 row affected (0.00 sec)
Rows matched: 1  Changed: 1  Warnings: 0

Query OK, 0 rows affected (0.00 sec)
Rows matched: 0  Changed: 0  Warnings: 0

Query OK, 0 rows affected (0.00 sec)
Rows matched: 0  Changed: 0  Warnings: 0

Query OK, 0 rows affected (0.00 sec)
Rows matched: 0  Changed: 0  Warnings: 0

Query OK, 0 rows affected (0.00 sec)
Rows matched: 0  Changed: 0  Warnings: 0

Query OK, 1 row affected (0.00 sec)
Rows matched: 1  Changed: 1  Warnings: 0

Query OK, 0 rows affected (0.00 sec)
Rows matched: 0  Changed: 0  Warnings: 0

Query OK, 0 rows affected (0.00 sec)
Rows matched: 0  Changed: 0  Warnings: 0

Query OK, 1 row affected (0.00 sec)
Rows matched: 1  Changed: 1  Warnings: 0

Query OK, 0 rows affected (0.00 sec)
Rows matched: 0  Changed: 0  Warnings: 0

Query OK, 1 row affected (0.00 sec)
Rows matched: 1  Changed: 1  Warnings: 0

Query OK, 0 rows affected (0.00 sec)
Rows matched: 0  Changed: 0  Warnings: 0

Query OK, 1 row affected (0.00 sec)
Rows matched: 1  Changed: 1  Warnings: 0

Query OK, 1 row affected (0.00 sec)
Rows matched: 1  Changed: 1  Warnings: 0

Query OK, 1 row affected (0.00 sec)
Rows matched: 1  Changed: 1  Warnings: 0

Query OK, 0 rows affected (0.00 sec)
Rows matched: 0  Changed: 0  Warnings: 0

Query OK, 1 row affected (0.00 sec)
Rows matched: 1  Changed: 1  Warnings: 0

Query OK, 0 rows affected (0.00 sec)
Rows matched: 0  Changed: 0  Warnings: 0

Query OK, 1 row affected (0.01 sec)
Rows matched: 1  Changed: 1  Warnings: 0

Query OK, 1 row affected (0.01 sec)
Rows matched: 1  Changed: 1  Warnings: 0

Query OK, 0 rows affected (0.00 sec)
Rows matched: 0  Changed: 0  Warnings: 0

Query OK, 0 rows affected (0.00 sec)
Rows matched: 0  Changed: 0  Warnings: 0

Query OK, 0 rows affected (0.00 sec)
Rows matched: 0  Changed: 0  Warnings: 0

Query OK, 0 rows affected (0.00 sec)
Rows matched: 0  Changed: 0  Warnings: 0

Query OK, 0 rows affected (0.00 sec)
Rows matched: 0  Changed: 0  Warnings: 0

Query OK, 0 rows affected (0.00 sec)
Rows matched: 0  Changed: 0  Warnings: 0

Query OK, 0 rows affected (0.00 sec)
Rows matched: 0  Changed: 0  Warnings: 0

Query OK, 0 rows affected (0.00 sec)
Rows matched: 0  Changed: 0  Warnings: 0

Query OK, 0 rows affected (0.00 sec)
Rows matched: 0  Changed: 0  Warnings: 0

Query OK, 1 row affected (0.00 sec)
Rows matched: 1  Changed: 1  Warnings: 0

Query OK, 0 rows affected (0.00 sec)
Rows matched: 0  Changed: 0  Warnings: 0

Query OK, 0 rows affected (0.00 sec)
Rows matched: 0  Changed: 0  Warnings: 0

Query OK, 0 rows affected (0.00 sec)
Rows matched: 0  Changed: 0  Warnings: 0

Query OK, 1 row affected (0.00 sec)
Rows matched: 1  Changed: 1  Warnings: 0

Query OK, 0 rows affected (0.00 sec)
Rows matched: 0  Changed: 0  Warnings: 0

Query OK, 0 rows affected (0.00 sec)
Rows matched: 0  Changed: 0  Warnings: 0

Query OK, 0 rows affected (0.00 sec)
Rows matched: 0  Changed: 0  Warnings: 0

Query OK, 1 row affected (0.01 sec)
Rows matched: 1  Changed: 1  Warnings: 0

Query OK, 0 rows affected (0.00 sec)
Rows matched: 0  Changed: 0  Warnings: 0

Query OK, 1 row affected (0.00 sec)
Rows matched: 1  Changed: 1  Warnings: 0

Query OK, 1 row affected (0.00 sec)
Rows matched: 1  Changed: 1  Warnings: 0

Query OK, 0 rows affected (0.00 sec)
Rows matched: 0  Changed: 0  Warnings: 0

Query OK, 1 row affected (0.00 sec)
Rows matched: 1  Changed: 1  Warnings: 0

Query OK, 2 rows affected (0.00 sec)
Rows matched: 2  Changed: 2  Warnings: 0

Query OK, 0 rows affected (0.00 sec)
Rows matched: 0  Changed: 0  Warnings: 0

Query OK, 2 rows affected (0.00 sec)
Rows matched: 2  Changed: 2  Warnings: 0

Query OK, 0 rows affected (0.00 sec)
Rows matched: 0  Changed: 0  Warnings: 0

Query OK, 0 rows affected (0.00 sec)
Rows matched: 0  Changed: 0  Warnings: 0

Query OK, 0 rows affected (0.00 sec)
Rows matched: 0  Changed: 0  Warnings: 0

Query OK, 0 rows affected (0.00 sec)
Rows matched: 0  Changed: 0  Warnings: 0

Query OK, 0 rows affected (0.00 sec)
Rows matched: 0  Changed: 0  Warnings: 0

Query OK, 0 rows affected (0.00 sec)
Rows matched: 0  Changed: 0  Warnings: 0

Query OK, 0 rows affected (0.00 sec)
Rows matched: 0  Changed: 0  Warnings: 0

Query OK, 0 rows affected (0.00 sec)
Rows matched: 0  Changed: 0  Warnings: 0

Query OK, 0 rows affected (0.00 sec)
Rows matched: 0  Changed: 0  Warnings: 0

Query OK, 0 rows affected (0.00 sec)
Rows matched: 0  Changed: 0  Warnings: 0

Query OK, 135 rows affected (0.01 sec)
Rows matched: 135  Changed: 135  Warnings: 0

Query OK, 11 rows affected (0.00 sec)
Rows matched: 11  Changed: 11  Warnings: 0

Query OK, 2 rows affected (0.00 sec)
Rows matched: 2  Changed: 2  Warnings: 0

Query OK, 2 rows affected (0.00 sec)
Rows matched: 2  Changed: 2  Warnings: 0

Query OK, 3 rows affected (0.00 sec)
Rows matched: 3  Changed: 3  Warnings: 0

Query OK, 0 rows affected (0.00 sec)
Rows matched: 0  Changed: 0  Warnings: 0

Query OK, 0 rows affected (0.00 sec)
Rows matched: 0  Changed: 0  Warnings: 0

Query OK, 0 rows affected (0.00 sec)
Rows matched: 0  Changed: 0  Warnings: 0

Query OK, 0 rows affected (0.00 sec)
Rows matched: 0  Changed: 0  Warnings: 0

Query OK, 0 rows affected (0.00 sec)
Rows matched: 0  Changed: 0  Warnings: 0

Query OK, 0 rows affected (0.00 sec)
Rows matched: 0  Changed: 0  Warnings: 0

Query OK, 0 rows affected (0.00 sec)
Rows matched: 0  Changed: 0  Warnings: 0

Query OK, 0 rows affected (0.00 sec)
Rows matched: 0  Changed: 0  Warnings: 0

Query OK, 0 rows affected (0.00 sec)
Rows matched: 0  Changed: 0  Warnings: 0

Query OK, 0 rows affected (0.00 sec)
Rows matched: 0  Changed: 0  Warnings: 0

Query OK, 0 rows affected (0.00 sec)
Rows matched: 0  Changed: 0  Warnings: 0

Query OK, 0 rows affected (0.00 sec)
Rows matched: 0  Changed: 0  Warnings: 0

Query OK, 0 rows affected (0.00 sec)
Rows matched: 0  Changed: 0  Warnings: 0

Query OK, 0 rows affected (0.00 sec)
Rows matched: 0  Changed: 0  Warnings: 0

Query OK, 0 rows affected (0.00 sec)
Rows matched: 0  Changed: 0  Warnings: 0

Query OK, 0 rows affected (0.00 sec)
Rows matched: 0  Changed: 0  Warnings: 0

Query OK, 0 rows affected (0.00 sec)
Rows matched: 0  Changed: 0  Warnings: 0

Query OK, 0 rows affected (0.00 sec)
Rows matched: 0  Changed: 0  Warnings: 0

Query OK, 0 rows affected (0.00 sec)
Rows matched: 0  Changed: 0  Warnings: 0

Query OK, 0 rows affected (0.00 sec)
Rows matched: 0  Changed: 0  Warnings: 0

Query OK, 0 rows affected (0.00 sec)
Rows matched: 0  Changed: 0  Warnings: 0

Query OK, 0 rows affected (0.00 sec)
Rows matched: 0  Changed: 0  Warnings: 0

Query OK, 0 rows affected (0.00 sec)
Rows matched: 0  Changed: 0  Warnings: 0

Query OK, 0 rows affected (0.00 sec)
Rows matched: 0  Changed: 0  Warnings: 0

Query OK, 0 rows affected (0.00 sec)
Rows matched: 0  Changed: 0  Warnings: 0

Query OK, 0 rows affected (0.00 sec)
Rows matched: 0  Changed: 0  Warnings: 0

+-------------------+
| Creating views... |
+-------------------+
| Creating views... |
+-------------------+
1 row in set (0.00 sec)

Query OK, 0 rows affected (0.01 sec)

Query OK, 0 rows affected (0.01 sec)

Query OK, 0 rows affected (0.01 sec)

+--------------------+
| Creating SPROCS... |
+--------------------+
| Creating SPROCS... |
+--------------------+
1 row in set (0.00 sec)

Query OK, 0 rows affected (0.01 sec)

mysql> quit
